// Jest Snapshot v1, https://goo.gl/fbAQLP

exports[`Test Scroll Area. should call addScrollArea when mounting. 1`] = `
Array [
  "mock-id",
  <div>
    <h1>
      Test
    </h1>
  </div>,
]
`;

exports[`Test Scroll Area. should call removeScrollArea when unmounting. 1`] = `
Array [
  "mock-id",
]
`;

exports[`Test Scroll Area. should render correctly. 1`] = `
Object {
  "container": <div>
    <div
      class="foo"
    >
      <h1>
        Test
      </h1>
    </div>
  </div>,
  "getAllByAltText": [Function],
  "getAllByLabelText": [Function],
  "getAllByPlaceholderText": [Function],
  "getAllByTestId": [Function],
  "getAllByText": [Function],
  "getByAltText": [Function],
  "getByLabelText": [Function],
  "getByPlaceholderText": [Function],
  "getByTestId": [Function],
  "getByText": [Function],
  "queryAllByAltText": [Function],
  "queryAllByLabelText": [Function],
  "queryAllByPlaceholderText": [Function],
  "queryAllByTestId": [Function],
  "queryAllByText": [Function],
  "queryByAltText": [Function],
  "queryByLabelText": [Function],
  "queryByPlaceholderText": [Function],
  "queryByTestId": [Function],
  "queryByText": [Function],
  "rerender": [Function],
  "unmount": [Function],
}
`;
